            --------------------------------------------------------
                             AMBER SQM VERSION 19
 
                                     By
              Ross C. Walker, Michael F. Crowley, Scott Brozell,
                         Tim Giese, Andreas W. Goetz,
                        Tai-Sung Lee and David A. Case
 
            --------------------------------------------------------
 

--------------------------------------------------------------------------------
  QM CALCULATION INFO
--------------------------------------------------------------------------------

| QMMM: Citation for AMBER QMMM Run:
| QMMM: R.C. Walker, M.F. Crowley and D.A. Case, J. COMP. CHEM. 29:1019, 2008

QMMM: SINGLET STATE CALCULATION
QMMM: RHF CALCULATION, NO. OF DOUBLY OCCUPIED LEVELS = 90

| QMMM: *** Selected Hamiltonian *** 
| QMMM: AM1         

| QMMM: *** Parameter sets in use ***
| QMMM: C : M.J.S.DEWAR et al. JACS, 107, 3902, (1985)
| QMMM: O : M.J.S.DEWAR et al. JACS, 107, 3902, (1985)
| QMMM: H : M.J.S.DEWAR et al. JACS, 107, 3902, (1985)

| QMMM: *** SCF convergence criteria ***
| QMMM: Energy change                :  0.1D-09 kcal/mol
| QMMM: Error matrix |FP-PF|         :  0.1D+00 au
| QMMM: Density matrix change        :  0.5D-06
| QMMM: Maximum number of SCF cycles :     1000

| QMMM: *** Diagonalization Routine Information ***
| QMMM: Pseudo diagonalizations are allowed.
| QMMM: Auto diagonalization routine selection is in use.
| QMMM:
| QMMM: Timing diagonalization routines:
| QMMM:                              norbs =      170
| QMMM:    diag iterations used for timing =        5
| QMMM:
| QMMM:              Internal diag routine = 0.073454 seconds
| QMMM:                 Dspev diag routine = 0.076889 seconds
| QMMM:                Dspevd diag routine = 0.059039 seconds
| QMMM:                Dspevx diag routine = 0.142324 seconds
| QMMM:                 Dsyev diag routine = 0.035485 seconds
| QMMM:                Dsyevd diag routine = 0.028181 seconds
| QMMM:                Dsyevr diag routine = 0.028402 seconds
| QMMM:
| QMMM:                Pseudo diag routine = 0.057731 seconds
| QMMM: Pseudo diagonalization appears to be slower than regular
| QMMM: diagonalization. Setting pseudo_diag=0 for optimum performance.
| QMMM:
| QMMM: Using dsyevd routine (diag_routine=6).

  QMMM: QM Region Cartesian Coordinates (*=link atom) 
  QMMM: QM_NO.   MM_NO.  ATOM         X         Y         Z
  QMMM:     1        1      C        3.7680    9.3100  -14.3980
  QMMM:     2        2      C        4.1810    8.2710  -17.1540
  QMMM:     3        3      C        4.4460    9.5070  -10.1350
  QMMM:     4        4      C        6.4010   12.6010   -7.7160
  QMMM:     5        5      C        6.8140   12.4450  -12.1770
  QMMM:     6        6      C        3.9170    9.3410   -5.8050
  QMMM:     7        7      C        3.6590   11.4920   -8.0030
  QMMM:     8        8      C        4.8380   10.2980   -4.8550
  QMMM:     9        9      C        6.6090   11.8970  -13.6710
  QMMM:    10       10      C        4.4720    9.2410   -7.2990
  QMMM:    11       11      C        5.3680   11.4550   -5.7180
  QMMM:    12       12      C        3.9740   11.6040  -12.2640
  QMMM:    13       13      C        4.7580   10.4030  -14.7230
  QMMM:    14       14      C        5.7630   11.5460  -10.0410
  QMMM:    15       15      C        6.3200   11.2500  -11.3790
  QMMM:    16       16      C        5.4260   10.3140   -9.3690
  QMMM:    17       17      C        5.1620   10.6420  -12.2680
  QMMM:    18       18      C        4.8840   10.5710   -7.9180
  QMMM:    19       19      C        5.8890   11.1710   -7.0840
  QMMM:    20       20      C        5.7770   10.5530  -13.5420
  QMMM:    21       21      C        6.9140   12.3740   -9.1880
  QMMM:    22       22      C        4.7340    9.2200  -11.5780
  QMMM:    23       23      C        7.4660   13.1190   -6.9160
  QMMM:    24       24      C        7.7450   14.5640   -7.3120
  QMMM:    25       25      C        4.5060    9.7640  -17.1200
  QMMM:    26       26      C        5.1080   10.1830  -18.4560
  QMMM:    27       27      O        8.0140   11.6750   -9.1580
  QMMM:    28       28      O        5.7700    8.3490  -11.6650
  QMMM:    29       29      O        5.8650    9.5950   -4.3820
  QMMM:    30       30      O        5.6860   11.2940  -18.5630
  QMMM:    31       31      O        5.0280    9.4150  -19.4520
  QMMM:    32       32      C        5.5100   10.0430  -15.9970
  QMMM:    33       33      H        5.6640   13.2320   -7.7250
  QMMM:    34       34      H        4.3420    8.6570   -9.6790
  QMMM:    35       35      H        3.5890    9.9600  -10.0890
  QMMM:    36       36      H        3.5450    8.0940  -17.8650
  QMMM:    37       37      H        4.9940    7.7660  -17.3150
  QMMM:    38       38      H        6.1010   10.7690  -16.2510
  QMMM:    39       39      H        6.0670    9.2630  -15.8460
  QMMM:    40       40      H        3.6930   10.2680  -16.9590
  QMMM:    41       41      H        3.7980    8.0040  -16.3040
  QMMM:    42       42      H        7.9980   14.6000   -8.2480
  QMMM:    43       43      H        6.9470   15.0980   -7.1720
  QMMM:    44       44      H        8.4680   14.9150   -6.7690
  QMMM:    45       45      H        7.2300   13.0710   -5.9760
  QMMM:    46       46      H        8.2640   12.5810   -7.0360
  QMMM:    47       47      H        3.9620    8.8330  -12.0200
  QMMM:    48       48      H        7.0840   13.2300   -9.6120
  QMMM:    49       49      H        6.3250    9.7550  -13.6040
  QMMM:    50       50      H        6.6200   10.5350   -7.0370
  QMMM:    51       51      H        6.2520    9.8090   -9.3070
  QMMM:    52       52      H        4.2410    8.4730  -14.2710
  QMMM:    53       53      H        7.0760   10.6690  -11.2030
  QMMM:    54       54      H        4.9560   12.0790  -10.1150
  QMMM:    55       55      H        4.2850   11.2400  -14.8510
  QMMM:    56       56      H        3.6590   11.7250  -11.3550
  QMMM:    57       57      H        4.2500   12.4600  -12.6270
  QMMM:    58       58      H        3.2590   11.2380  -12.8080
  QMMM:    59       59      H        4.6510   12.1020   -5.8090
  QMMM:    60       60      H        6.0790   11.8880   -5.2200
  QMMM:    61       61      H        5.2370    8.6440   -7.3070
  QMMM:    62       62      H        3.7900    8.8360   -7.8580
  QMMM:    63       63      H        3.2900    9.5380  -13.5850
  QMMM:    64       64      H        6.1360   12.5460  -14.2160
  QMMM:    65       65      H        7.4640   11.7350  -14.1000
  QMMM:    66       66      H        4.3170   10.6390   -4.1110
  QMMM:    67       67      H        2.9780   11.0750   -8.5540
  QMMM:    68       68      H        3.3060   11.6440   -7.1120
  QMMM:    69       69      H        3.9180   12.3400   -8.3970
  QMMM:    70       70      H        3.8750    8.4520   -5.4190
  QMMM:    71       71      H        3.0100    9.6850   -5.8230
  QMMM:    72       72      H        7.7400   12.6600  -11.9860
  QMMM:    73       73      H        6.2950   13.2460  -12.0030
  QMMM:    74       74      H        3.1370    9.2170  -15.1290

--------------------------------------------------------------------------------
  RESULTS
--------------------------------------------------------------------------------

      iter         sqm energy              rms gradient
      ----    -------------------    -----------------------
xmin    10      -79.2244 kcal/mol        1.2752 kcal/(mol*A)
xmin    20      -94.8093 kcal/mol        1.1258 kcal/(mol*A)
xmin    30      -99.1966 kcal/mol        2.2701 kcal/(mol*A)
xmin    40     -100.6462 kcal/mol        1.0030 kcal/(mol*A)
xmin    50     -103.7012 kcal/mol        1.6329 kcal/(mol*A)
xmin    60     -105.9478 kcal/mol        1.7122 kcal/(mol*A)
xmin    70     -114.5042 kcal/mol        2.6004 kcal/(mol*A)
xmin    80     -119.6570 kcal/mol        1.7085 kcal/(mol*A)
xmin    90     -129.2723 kcal/mol        1.8155 kcal/(mol*A)
xmin   100     -134.0405 kcal/mol        3.5278 kcal/(mol*A)
xmin   110     -202.5134 kcal/mol        3.1004 kcal/(mol*A)
xmin   120     -208.4146 kcal/mol        0.4677 kcal/(mol*A)
xmin   130     -209.9153 kcal/mol        0.2177 kcal/(mol*A)
xmin   140     -210.4745 kcal/mol        0.2136 kcal/(mol*A)
xmin   150     -210.6280 kcal/mol        0.1604 kcal/(mol*A)
xmin   160     -210.7491 kcal/mol        0.1033 kcal/(mol*A)
xmin   170     -210.8219 kcal/mol        0.1441 kcal/(mol*A)
xmin   180     -210.8350 kcal/mol        0.0306 kcal/(mol*A)
xmin   190     -210.8392 kcal/mol        0.0243 kcal/(mol*A)
xmin   200     -210.8543 kcal/mol        0.0594 kcal/(mol*A)
xmin   210     -210.8591 kcal/mol        0.0338 kcal/(mol*A)
xmin   220     -210.8654 kcal/mol        0.0200 kcal/(mol*A)
xmin   230     -210.8693 kcal/mol        0.0433 kcal/(mol*A)
xmin   240     -210.8726 kcal/mol        0.0119 kcal/(mol*A)
xmin   250     -210.8743 kcal/mol        0.0308 kcal/(mol*A)
xmin   260     -210.8757 kcal/mol        0.0072 kcal/(mol*A)
xmin   270     -210.8765 kcal/mol        0.0115 kcal/(mol*A)
xmin   280     -210.8769 kcal/mol        0.0079 kcal/(mol*A)
xmin   290     -210.8771 kcal/mol        0.0049 kcal/(mol*A)
xmin   300     -210.8772 kcal/mol        0.0027 kcal/(mol*A)
xmin   310     -210.8772 kcal/mol        0.0040 kcal/(mol*A)
xmin   320     -210.8774 kcal/mol        0.0043 kcal/(mol*A)
xmin   330     -210.8775 kcal/mol        0.0053 kcal/(mol*A)
xmin   340     -210.8775 kcal/mol        0.0057 kcal/(mol*A)
xmin   350     -210.8777 kcal/mol        0.0082 kcal/(mol*A)
xmin   360     -210.8777 kcal/mol        0.0042 kcal/(mol*A)
xmin   370     -210.8777 kcal/mol        0.0009 kcal/(mol*A)
xmin   380     -210.8777 kcal/mol        0.0017 kcal/(mol*A)
  ... geometry converged !
 
 Final MO eigenvalues (eV):
 -41.9067  -41.1105  -40.3338  -39.2842  -39.1206  -38.8708  -37.4278  -36.9277
 -36.4402  -34.6916  -33.6190  -32.8701  -32.2387  -31.2829  -30.7482  -28.0790
 -27.6832  -27.1587  -25.9607  -25.5733  -25.3431  -24.7948  -24.1054  -22.6784
 -22.2090  -21.8049  -21.4839  -21.2652  -20.6572  -19.6747  -19.3541  -19.0921
 -19.0209  -17.7067  -17.6181  -17.4750  -17.0396  -16.9013  -16.6988  -16.6152
 -16.4390  -16.2108  -15.9895  -15.8900  -15.7352  -15.5564  -15.4387  -15.1155
 -15.0941  -15.0026  -14.8141  -14.6784  -14.5414  -14.3040  -14.0897  -13.9762
 -13.8769  -13.8108  -13.7232  -13.5683  -13.4557  -13.2867  -13.2247  -13.1774
 -12.9800  -12.8856  -12.8422  -12.7137  -12.6166  -12.5020  -12.4209  -12.3362
 -12.2753  -12.1644  -12.1105  -11.9630  -11.9230  -11.7253  -11.6900  -11.5959
 -11.4893  -11.4305  -11.3454  -11.0374  -10.9821  -10.7713  -10.6435  -10.4619
 -10.3590   -9.9362    0.7955    0.8952    0.9510    1.0017    1.1420    2.1540
   2.5065    2.7521    2.9598    3.0323    3.0580    3.1298    3.2388    3.3300
   3.4367    3.4560    3.4911    3.5624    3.6203    3.6582    3.6995    3.7546
   3.7682    3.7967    3.8649    3.8728    3.8921    3.9278    3.9863    4.0103
   4.0314    4.0413    4.0784    4.0932    4.1288    4.1407    4.1783    4.2163
   4.2395    4.2759    4.3023    4.3536    4.3681    4.3937    4.4134    4.4338
   4.4857    4.5044    4.5475    4.5697    4.5893    4.6249    4.6392    4.6662
   4.7021    4.7122    4.7451    4.7774    4.7880    4.8157    4.8353    4.8665
   4.8813    4.9026    4.9241    4.9492    4.9705    4.9795    5.0351    5.0970
   5.1223    5.1568    5.1872    5.2548    5.4350    5.8024    6.2692    6.3795
   6.4162    6.6192

 Heat of formation   =       -210.87774591 kcal/mol  (       -9.14434525 eV)

 Total SCF energy    =    -130022.57971421 kcal/mol  (    -5638.20214710 eV)
 Electronic energy   =   -1241594.47349975 kcal/mol  (   -53839.57649277 eV)
 Core-core repulsion =    1111571.89378555 kcal/mol  (    48201.37434567 eV)
 
    Atomic Charges for Step       1 :
  Atom    Element       Mulliken Charge
     1      C                 -0.215
     2      C                 -0.212
     3      C                 -0.241
     4      C                 -0.156
     5      C                 -0.164
     6      C                 -0.226
     7      C                 -0.213
     8      C                  0.184
     9      C                 -0.161
    10      C                 -0.152
    11      C                 -0.215
    12      C                 -0.237
    13      C                 -0.096
    14      C                 -0.153
    15      C                 -0.074
    16      C                 -0.084
    17      C                 -0.088
    18      C                 -0.008
    19      C                 -0.168
    20      C                 -0.075
    21      C                  0.194
    22      C                  0.182
    23      C                 -0.146
    24      C                 -0.210
    25      C                 -0.096
    26      C                  0.308
    27      O                 -0.292
    28      O                 -0.296
    29      O                 -0.286
    30      O                 -0.318
    31      O                 -0.365
    32      C                 -0.159
    33      H                  0.119
    34      H                  0.115
    35      H                  0.125
    36      H                  0.086
    37      H                  0.092
    38      H                  0.108
    39      H                  0.094
    40      H                  0.123
    41      H                  0.088
    42      H                  0.068
    43      H                  0.075
    44      H                  0.078
    45      H                  0.086
    46      H                  0.094
    47      H                  0.100
    48      H                  0.094
    49      H                  0.105
    50      H                  0.137
    51      H                  0.116
    52      H                  0.077
    53      H                  0.110
    54      H                  0.112
    55      H                  0.093
    56      H                  0.116
    57      H                  0.241
    58      H                  0.121
    59      H                  0.109
    60      H                  0.108
    61      H                  0.109
    62      H                  0.080
    63      H                  0.083
    64      H                  0.106
    65      H                  0.086
    66      H                  0.084
    67      H                  0.080
    68      H                  0.075
    69      H                  0.078
    70      H                  0.106
    71      H                  0.111
    72      H                  0.096
    73      H                  0.083
    74      H                  0.071
 Total Mulliken Charge =       0.000
 
                  X        Y        Z     TOTAL  
  QM DIPOLE    -4.832    2.709   -0.192    5.543
 
 Final Structure

  QMMM: QM Region Cartesian Coordinates (*=link atom) 
  QMMM: QM_NO.   MM_NO.  ATOM         X         Y         Z
  QMMM:     1        1      C        3.3106    9.0357  -14.8302
  QMMM:     2        2      C        5.0050   11.1026  -18.3914
  QMMM:     3        3      C        4.9402    8.4654   -9.2113
  QMMM:     4        4      C        5.6948   13.0534   -7.8605
  QMMM:     5        5      C        7.2390   10.5376  -12.2309
  QMMM:     6        6      C        4.3167   10.1772   -5.1657
  QMMM:     7        7      C        3.4470   10.8914   -8.2091
  QMMM:     8        8      C        5.5079   10.4385   -4.2955
  QMMM:     9        9      C        6.7870   10.3007  -13.6690
  QMMM:    10       10      C        4.6394    9.5339   -6.4971
  QMMM:    11       11      C        4.8815   12.9042   -6.6082
  QMMM:    12       12      C        3.6879   10.3322  -11.8468
  QMMM:    13       13      C        4.4488   10.0387  -14.7262
  QMMM:    14       14      C        6.0288   10.6450   -9.9659
  QMMM:    15       15      C        6.1416    9.9499  -11.3235
  QMMM:    16       16      C        5.6408    9.7467   -8.7765
  QMMM:    17       17      C        4.9197    9.9874  -12.2088
  QMMM:    18       18      C        4.8229   10.5042   -7.6896
  QMMM:    19       19      C        5.5945   11.7036   -7.1796
  QMMM:    20       20      C        5.3988    9.6457  -13.6007
  QMMM:    21       21      C        7.3639   11.3060   -9.6811
  QMMM:    22       22      C        5.8984    7.3299   -9.4301
  QMMM:    23       23      C        6.9879   13.8104   -7.7795
  QMMM:    24       24      C        7.0402   14.9482   -8.7681
  QMMM:    25       25      C        4.5063   11.2068  -16.9637
  QMMM:    26       26      C        4.8477   12.5684  -16.4201
  QMMM:    27       27      O        8.3211   10.7379   -9.1555
  QMMM:    28       28      O        5.6653    6.4103  -10.2164
  QMMM:    29       29      O        6.6195    9.9366   -4.4622
  QMMM:    30       30      O        3.7867   13.4235  -16.3665
  QMMM:    31       31      O        5.9308   13.0096  -16.0253
  QMMM:    32       32      C        5.1367   10.1312  -16.0870
  QMMM:    33       33      H        5.1538   13.2102   -8.8148
  QMMM:    34       34      H        4.2180    8.1045   -8.4303
  QMMM:    35       35      H        4.3296    8.6355  -10.1388
  QMMM:    36       36      H        4.5374   11.8940  -19.0252
  QMMM:    37       37      H        6.1150   11.2215  -18.4285
  QMMM:    38       38      H        6.2297   10.3579  -15.9869
  QMMM:    39       39      H        5.0569    9.1467  -16.6202
  QMMM:    40       40      H        3.3850   11.0915  -16.9528
  QMMM:    41       41      H        4.7373   10.1034  -18.8116
  QMMM:    42       42      H        6.9606   14.5702   -9.8165
  QMMM:    43       43      H        6.2019   15.6644   -8.5909
  QMMM:    44       44      H        8.0053   15.5009   -8.6661
  QMMM:    45       45      H        7.1234   14.2183   -6.7414
  QMMM:    46       46      H        7.8478   13.1090   -7.9611
  QMMM:    47       47      H        6.8313    7.3531   -8.8220
  QMMM:    48       48      H        7.4245   12.3739   -9.9961
  QMMM:    49       49      H        5.5335    8.5256  -13.6405
  QMMM:    50       50      H        6.5144   11.3652   -6.6484
  QMMM:    51       51      H        6.6087    9.4470   -8.2678
  QMMM:    52       52      H        3.6925    8.0446  -15.1777
  QMMM:    53       53      H        6.4048    8.8656  -11.1545
  QMMM:    54       54      H        5.2599   11.4627  -10.0608
  QMMM:    55       55      H        4.0210   11.0517  -14.4752
  QMMM:    56       56      H        3.4254   10.5870  -10.8107
  QMMM:    57       57      H        4.0756   14.2833  -16.0191
  QMMM:    58       58      H        2.8507   10.3922  -12.5536
  QMMM:    59       59      H        3.7814   12.9750   -6.6801
  QMMM:    60       60      H        5.2590   13.3450   -5.6675
  QMMM:    61       61      H        5.5745    8.9218   -6.3808
  QMMM:    62       62      H        3.7951    8.8335   -6.7364
  QMMM:    63       63      H        2.8137    8.8812  -13.8437
  QMMM:    64       64      H        6.7359   11.2789  -14.2143
  QMMM:    65       65      H        7.5060    9.6382  -14.2099
  QMMM:    66       66      H        5.3104   11.1285   -3.4424
  QMMM:    67       67      H        2.9742   10.0326   -8.7448
  QMMM:    68       68      H        2.7781   11.1752   -7.3595
  QMMM:    69       69      H        3.5081   11.7602   -8.9076
  QMMM:    70       70      H        3.6415    9.4909   -4.5816
  QMMM:    71       71      H        3.7583   11.1393   -5.3131
  QMMM:    72       72      H        8.2212   10.0495  -12.0189
  QMMM:    73       73      H        7.3570   11.6376  -12.0628
  QMMM:    74       74      H        2.5485    9.3979  -15.5617

           --------- Calculation Completed ----------

